INFO         | Android emulator version 37.1.11.0 (build_id 15917651) (CL:N/A)
INFO         | Graphics backend: gfxstream
INFO         | Found systemPath /home/ama/devtools/android-sdk/system-images/android-35/google_apis/x86_64/
INFO         | Saving last run QEMU version for the AVD to 2
INFO         | Increasing RAM size to 2560MB
INFO         | Guest GLES Driver: Auto (ext controls)
INFO         | emuglConfig_init: vulkan_mode_selected:swiftshader gles_mode_selected:swiftshader
INFO         | Checking system compatibility:
INFO         |   Checking: hasSufficientDiskSpace
INFO         |      Ok: Disk space requirements to run avd: `appdian` are met
INFO         |   Checking: hasSufficientHwGpu
INFO         |      Ok: Hardware GPU compatibility checks are not required
INFO         |   Checking: hasSufficientSystem
INFO         |      Ok: System requirements to run avd: `appdian` are met
WARNING      | File System is not ext4, disable QuickbootFileBacked feature
INFO         | Storing crashdata in: /tmp/android-ama/emu-crash-37.1.11.db, detection is enabled for process: 58835
INFO         | Initializing gfxstream backend
INFO         | startOpenglesRendererImpl: gpu info
INFO         | 
INFO         | initIcdPaths: ICD set to 'swiftshader', using Swiftshader ICD
INFO         | Setting ICD filenames for the loader = /home/ama/devtools/android-sdk/emulator/lib64/vulkan/vk_swiftshader_icd.json
INFO         | SharedLibrary::open for [/home/ama/devtools/android-sdk/emulator/qemu/linux-x86_64/lib64/vulkan/libvulkan.so]
INFO         | SharedLibrary::open for [/home/ama/devtools/android-sdk/emulator/qemu/linux-x86_64/lib64/vulkan/libvulkan.so.1]
INFO         | SharedLibrary::open for [/home/ama/devtools/android-sdk/emulator/lib64/vulkan/libvulkan.so]
INFO         | Added library: /home/ama/devtools/android-sdk/emulator/lib64/vulkan/libvulkan.so
INFO         | Selecting Vulkan device: SwiftShader Device (Subzero), Version: 1.3.0
INFO         | Using Vulkan externalMemoryMode: OpaqueFd for VkEmulation
INFO         | SharedLibrary::open for [libX11]
INFO         | SharedLibrary::open for [libX11-xcb]
INFO         | Initializing VkEmulation features:
INFO         |     glInteropSupported: false
INFO         |     useDeferredCommands: true
INFO         |     createResourceWithRequirements: true
INFO         |     useVulkanComposition: false
INFO         |     useVulkanNativeSwapchain: false
INFO         |     enable guestRenderDoc: false
INFO         |     ASTC LDR emulation mode: Gpu
INFO         |     enable ETC2 emulation: true
INFO         |     enable Ycbcr emulation: false
INFO         |     guestVulkanOnly: false
INFO         |     useDedicatedAllocations: false
INFO         |     guestVulkanMaxApiVersion: 1.3.0
INFO         |     enableProtectedMemoryEmulation: false
INFO         | Graphics Adapter Vendor Google (Google Inc.)
INFO         | Graphics Adapter Android Emulator OpenGL ES Translator (Google SwiftShader)
INFO         | Graphics API Version OpenGL ES 3.0 (OpenGL ES 3.0 SwiftShader 4.0.0.1)
INFO         | Graphics API Extensions GL_OES_EGL_sync GL_OES_EGL_image GL_OES_EGL_image_external GL_OES_depth24 GL_OES_depth32 GL_OES_element_index_uint GL_OES_texture_float GL_OES_texture_float_linear GL_OES_compressed_paletted_texture GL_OES_compressed_ETC1_RGB8_texture GL_OES_depth_texture GL_OES_texture_half_float GL_OES_texture_half_float_linear GL_OES_packed_depth_stencil GL_OES_vertex_half_float GL_OES_standard_derivatives GL_OES_texture_npot GL_OES_rgb8_rgba8 GL_EXT_color_buffer_float GL_EXT_color_buffer_half_float GL_EXT_texture_format_BGRA8888 GL_APPLE_texture_format_BGRA8888 
INFO         | Graphics Device Extensions N/A
INFO         | Disabling sparse binding feature support
INFO         | Sending adb public key [QAAAAEsQ876dxt//JVFml+f1ArJzAFwpNnr7jfmWT8LbUeERbkvAnvnbbpcIPCJphBQCrLi4Bi0eVD4zilISMKhOrfmMXDbupQjW0uTwpZ9FeBltmS0d2bqD5bxhEGbAD/aLi8oFp9DfB1/f35HJRRdfB1lEX5ib/23xgszB6vBs2AZKe1wt1+oPtdlvNW++BPaby4FbqcRRu0WWsLARmkx7+7LmiBC4G8EkaNuAKQEnAo2QIg2IWIn4eY9oCLJL9yamKnVnwfZ8/mqwQ1rBu9p0NvbIXgx+XaM0O/1tnW9LCEgW7GroJyNjmwO6V9XLel+bCtHub373imntrojg24Y+LfgPshul6XJyn4/LHNW+L1fvgJ623mwmZxMumD3N7YbdGzgm8iH9BHAvKY11A+OeoLbwqdIFcBU+ICQZO2xH1HZ15/wRSFGSM3IH9+cMsFlI3zjmGkFIv3ZVUTMMD2AwdD5id5hy3+RITHCy7QGagHnt80zJP3GFgFCSNivljwjxuoqW1b1VVDQmugRtCfz/5xblAfgjdetYyxIkQuGLVOZnKZqD9AaLGwIBhrE8OMEk7993fa1LR0zfx8jPWyLQVAUXSKJAZWw1QtEpsDPEZ23Zf7HRLcjpOhJCOhp9EflWBFVIeVOOlvXHyR8MERAjjuj3so/LTy+Ue/G+s1bxoMnxJsq6bgEAAQA= ama@unknown]
INFO         | Userspace boot properties:
INFO         |   androidboot.boot_devices=pci0000:00/0000:00:03.0 pci0000:00/0000:00:06.0
INFO         |   androidboot.dalvik.vm.heapsize=576m
INFO         |   androidboot.debug.hwui.renderer=skiagl
INFO         |   androidboot.debug.sf.nobootanimation=1
INFO         |   androidboot.hardware=ranchu
INFO         |   androidboot.hardware.gltransport=pipe
INFO         |   androidboot.hardware.vulkan=ranchu
INFO         |   androidboot.logcat=*:V
INFO         |   androidboot.opengles.version=196608
INFO         |   androidboot.qemu=1
INFO         |   androidboot.qemu.adb.pubkey=QAAAAEsQ876dxt//JVFml+f1ArJzAFwpNnr7jfmWT8LbUeERbkvAnvnbbpcIPCJphBQCrLi4Bi0eVD4zilISMKhOrfmMXDbupQjW0uTwpZ9FeBltmS0d2bqD5bxhEGbAD/aLi8oFp9DfB1/f35HJRRdfB1lEX5ib/23xgszB6vBs2AZKe1wt1+oPtdlvNW++BPaby4FbqcRRu0WWsLARmkx7+7LmiBC4G8EkaNuAKQEnAo2QIg2IWIn4eY9oCLJL9yamKnVnwfZ8/mqwQ1rBu9p0NvbIXgx+XaM0O/1tnW9LCEgW7GroJyNjmwO6V9XLel+bCtHub373imntrojg24Y+LfgPshul6XJyn4/LHNW+L1fvgJ623mwmZxMumD3N7YbdGzgm8iH9BHAvKY11A+OeoLbwqdIFcBU+ICQZO2xH1HZ15/wRSFGSM3IH9+cMsFlI3zjmGkFIv3ZVUTMMD2AwdD5id5hy3+RITHCy7QGagHnt80zJP3GFgFCSNivljwjxuoqW1b1VVDQmugRtCfz/5xblAfgjdetYyxIkQuGLVOZnKZqD9AaLGwIBhrE8OMEk7993fa1LR0zfx8jPWyLQVAUXSKJAZWw1QtEpsDPEZ23Zf7HRLcjpOhJCOhp9EflWBFVIeVOOlvXHyR8MERAjjuj3so/LTy+Ue/G+s1bxoMnxJsq6bgEAAQA= ama@unknown
INFO         |   androidboot.qemu.avd_name=appdian
INFO         |   androidboot.qemu.camera_hq_edge_processing=0
INFO         |   androidboot.qemu.camera_protocol_ver=1
INFO         |   androidboot.qemu.cpuvulkan.version=4206592
INFO         |   androidboot.qemu.gltransport.drawFlushInterval=800
INFO         |   androidboot.qemu.gltransport.name=pipe
INFO         |   androidboot.qemu.hwcodec.avcdec=2
INFO         |   androidboot.qemu.hwcodec.hevcdec=2
INFO         |   androidboot.qemu.hwcodec.vpxdec=2
INFO         |   androidboot.qemu.settings.system.screen_off_timeout=2147483647
INFO         |   androidboot.qemu.skin=1080x2400
INFO         |   androidboot.qemu.virtiowifi=1
INFO         |   androidboot.qemu.vsync=60
INFO         |   androidboot.serialno=EMULATOR37X1X11X0
INFO         |   androidboot.vbmeta.digest=b3271ba499104f4631ae3723913d5c12574e01715fce5b82d60beed097ead264
INFO         |   androidboot.vbmeta.hash_alg=sha256
INFO         |   androidboot.vbmeta.size=6720
INFO         |   androidboot.veritymode=enforcing
WARNING: cannnot unmap ptr 0x7f16c0801000 as it is in the protected range from 0x7f1620800000 to 0x7f16c0a00000
INFO         | Monitoring duration of emulator setup.
WARNING      | The emulator now requires a signed jwt token for gRPC access! Use the -grpc flag if you really want an open unprotected grpc port
INFO         | Using security allow list from: /home/ama/devtools/android-sdk/emulator/lib/emulator_access.json
INFO         | The active JSON Web Key Sets can be found here: /run/user/1000/avd/running/58835/jwks/646eb6b9-81ed-485f-9af0-f2e38bae424f/active.jwk
INFO         | Scanning /run/user/1000/avd/running/58835/jwks/646eb6b9-81ed-485f-9af0-f2e38bae424f for jwk keys.
INFO         | Started GRPC server at 127.0.0.1:8554, security: Local, auth: +token
INFO         | Advertising in: /run/user/1000/avd/running/pid_58835.ini
INFO         | Successfully initialized netsim WiFi
INFO         | Activated packet streamer for bluetooth emulation
INFO         | Setting display: 0 configuration to: 1080x2400, dpi: 420x420 
INFO         | setDisplayActiveConfig: id:0, 1080x2400
INFO         | emulatorSetupEnvironment: Environment scene is not required
USER_INFO    | Emulator is performing a full startup. This may take upto two minutes, or more.
WARNING      | Failed to process .ini file /home/ama/.android/emu-update-last-check.ini for reading.
WARNING      | Failed to process .ini file /home/ama/.android/emu-update-last-check.ini for reading.
INFO         | Boot completed in 23181 ms
INFO         | Increasing screen off timeout, logcat buffer size to 2M.
ERROR        | bad color buffer handle 582
